// Jest Snapshot v1, https://goo.gl/fbAQLP

exports[`Stalk component renders the stalk correctly renders correctly 1`] = `
<div
  id="Stalk"
>
  <p>
    <button
      onClick={[Function]}
    >
      edit
    </button>
    <button
      onClick={[Function]}
    >
      delete
    </button>
    Terrell Devereaux spotted Rosie Perez
         on Mon Apr 23 2018 20:00:00 GMT-0400 (Eastern Daylight Time) in Vinegar Hill: 
        "Holla"
  </p>
</div>
`;
